<?xml version="1.0"?>
<worksheet xmlns="http://schemas.openxmlformats.org/spreadsheetml/2006/main" xmlns:r="http://schemas.openxmlformats.org/officeDocument/2006/relationships">
  <sheetPr>
    <outlinePr summaryBelow="1" summaryRight="1"/>
  </sheetPr>
  <dimension ref="A1:F1"/>
  <sheetViews>
    <sheetView workbookViewId="0">
      <selection activeCell="A1" sqref="A1" />
    </sheetView>
  </sheetViews>
  <sheetFormatPr baseColWidth="10" defaultRowHeight="15"/>
  <cols>
    <col min="6" max="6" style="1"/>
  </cols>
  <sheetData>
    <row r="1" spans="1:6">
      <c r="F1" t="n" s="1">
        <v>0.13</v>
      </c>
    </row>
  </sheetData>
    <pageMargins left="0.75" right="0.75" top="1" bottom="1" header="0.5" footer="0.5"/>
</worksheet>
