<?xml version="1.0" ?>
<styleSheet xmlns="http://schemas.openxmlformats.org/spreadsheetml/2006/main" xmlns:mc="http://schemas.openxmlformats.org/markup-compatibility/2006" mc:Ignorable="x14ac" xmlns:x14ac="http://schemas.microsoft.com/office/spreadsheetml/2009/9/ac">
    <numFmts count="1">
        <numFmt numFmtId="164" formatCode="yyyy-mm-dd"/>
    </numFmts>
    <fonts count="1">
        <font>
			<sz val="12" />
			<color theme="1" />
			<name val="Calibri" />
			<family val="2" />
			<scheme val="minor" />
        </font>
    </fonts>
    <fills count="2">
        <fill>
            <patternFill patternType="none"/>
        </fill>
        <fill>
            <patternFill patternType="gray125"/>
        </fill>
    </fills>
    <borders count="1">
        <border>
            <left/>
            <right/>
            <top/>
            <bottom/>
            <diagonal/>
        </border>
        <border>
            <left/>
            <right/>
            <top style="dashdot">
              <color rgb="ffff0000"/>
            </top>
            <bottom/>
            <diagonal/>
        </border>
    </borders>
    <cellStyleXfs count="1">
        <xf numFmtId="0" fontId="0" fillId="0" borderId="0"/>
    </cellStyleXfs>
    <cellXfs count="5">
      <xf borderId="0" fillId="0" fontId="0" numFmtId="0" xfId="0"/>
      <xf borderId="0" fillId="0" fontId="0" numFmtId="9" xfId="0"/>
      <xf borderId="0" fillId="0" fontId="0" numFmtId="164" xfId="0"/>
      <xf borderId="0" fillId="0" fontId="0" numFmtId="2" xfId="0"/>
      <xf applyProtection="1" borderId="0" fillId="0" fontId="0" numFmtId="0" xfId="0">
        <protection hidden="1" locked="1"/>
      </xf>
      <xf numFmtId="0" fontId="0" fillId="0" borderId="1" applyBorder="1" xfId="0" />
    </cellXfs>
    <cellStyles count="1">
        <cellStyle name="Normal" xfId="0" builtinId="0"/>
    </cellStyles>
    <dxfs count="0" />
    <tableStyles count="0" defaultTableStyle="TableStyleMedium9" defaultPivotStyle="PivotStyleLight16"/>
</styleSheet>
